src/pages/ApprovalDetailPage/ApprovalDetailPage.tsx(99,25): error TS6133: 'setShowForward' is declared but its value is never read.
src/pages/AttendancePage/AttendancePage.tsx(3,20): error TS6133: 'useMutation' is declared but its value is never read.
src/pages/AttendancePage/AttendancePage.tsx(7,5): error TS6133: 'Calendar' is declared but its value is never read.
src/pages/AttendancePage/AttendancePage.tsx(15,5): error TS6133: 'ChevronDown' is declared but its value is never read.
src/pages/AttendancePage/AttendancePage.tsx(20,5): error TS6133: 'addDays' is declared but its value is never read.
src/pages/AttendancePage/AttendancePage.tsx(21,5): error TS6133: 'subDays' is declared but its value is never read.
src/pages/AttendancePage/AttendancePage.tsx(29,1): error TS6133: 'toast' is declared but its value is never read.
src/pages/AttendancePage/AttendancePage.tsx(34,1): error TS6133: 'SAVE_CHECKIN' is declared but its value is never read.
src/pages/AttendancePage/AttendancePage.tsx(71,11): error TS6133: 't' is declared but its value is never read.
src/pages/AttendancePage/AttendancePage.tsx(185,39): error TS7006: Parameter 'rec' implicitly has an 'any' type.
src/pages/AttendancePage/AttendancePage.tsx(185,44): error TS7006: Parameter 'idx' implicitly has an 'any' type.
